Microchip MPLAB XC8 Compiler V1.33 ()

Linker command line:

--edf=/opt/microchip/xc8/v1.33/dat/en_msgs.txt -cs \
  -h+dist/default/production/lcd_kb.X.production.sym \
  --cmf=dist/default/production/lcd_kb.X.production.cmf -z -Q18F452 \
  -o/tmp/cgtEpcIwO -Mdist/default/production/lcd_kb.X.production.map -E1 \
  -ver=XC8 -ASTACK=080h-05ffh -pstack=STACK -ACODE=00h-03FFFhx2 \
  -ACONST=00h-07FFFh -ASMALLCONST=0600h-06FFhx122 \
  -AMEDIUMCONST=0600h-07FFFh -ACOMRAM=01h-07Fh -AABS1=00h-05FFh \
  -ABIGRAM=01h-05FFh -ARAM=080h-0FFh,0100h-01FFhx5 -ABANK0=080h-0FFh \
  -ABANK1=0100h-01FFh -ABANK2=0200h-02FFh -ABANK3=0300h-03FFh \
  -ABANK4=0400h-04FFh -ABANK5=0500h-05FFh -ASFR=0F80h-0FFFh \
  -preset_vec=00h,intcode,intcodelo,powerup,init,end_init -pramtop=0600h \
  -psmallconst=SMALLCONST -pmediumconst=MEDIUMCONST -pconst=CONST \
  -AFARRAM=00h-00h -ACONFIG=0300000h-030000Dh -pconfig=CONFIG \
  -AIDLOC=0200000h-0200007h -pidloc=IDLOC -AEEDATA=0F00000h-0F000FFh \
  -peeprom_data=EEDATA \
  -prdata=COMRAM,nvrram=COMRAM,nvbit=COMRAM,rbss=COMRAM,rbit=COMRAM \
  -pfarbss=FARRAM,fardata=FARRAM,nvFARRAM=FARRAM \
  -pintsave_regs=BIGRAM,bigbss=BIGRAM,bigdata=BIGRAM -pbss=RAM \
  -pidata=CODE,irdata=CODE,ibigdata=CODE,ifardata=CODE /tmp/cgtAX28EJ.obj \
  dist/default/production/lcd_kb.X.production.obj 

Object code version is 3.11

Machine type is 18F452

Call graph: (short form)




                Name                               Link     Load   Length Selector   Space Scale
/tmp/cgtAX28EJ.obj
                end_init                              2        2        4        0       0
                text                                B30      B30        2      308       0
                reset_vec                             0        0        2        0       0
                idloc                            200000   200000        8   200000       0
                config                           300000   300000        E   300000       0
dist/default/production/lcd_kb.X.production.obj
                smallconst                          600      600       10      300       0
                text20                              A48      A48       28      308       0
                text19                              AD6      AD6       14      308       0
                text18                              A70      A70       1C      308       0
                text17                              9EA      9EA       34      308       0
                text16                              AC0      AC0       16      308       0
                text15                              B28      B28        8      308       0
                text14                              818      818       76      308       0
                text13                              B20      B20        8      308       0
                text12                              AF8      AF8        E      308       0
                text11                              AEA      AEA        E      308       0
                text10                              B18      B18        8      308       0
                text9                               8F0      8F0       5E      308       0
                text8                               AA6      AA6       1A      308       0
                text7                               77E      77E       9A      308       0
                text6                               B10      B10        8      308       0
                text5                               A8C      A8C       1A      308       0
                text4                               A1E      A1E       2A      308       0
                text3                               94E      94E       56      308       0
                text2                               9A4      9A4       46      308       0
                text1                               610      610      16E      308       0
                text0                               88E      88E       62      308       0
                cstackCOMRAM                          1        1       2A        1       1
                cinit                               B06      B06        A      308       0

TOTAL           Name                               Link     Load   Length     Space
        CLASS   STACK          

        CLASS   CODE           
                end_init                              2        2        4         0
                text                                B30      B30        2         0
                reset_vec                             0        0        2         0
                text20                              A48      A48       28         0
                text19                              AD6      AD6       14         0
                text18                              A70      A70       1C         0
                text17                              9EA      9EA       34         0
                text16                              AC0      AC0       16         0
                text15                              B28      B28        8         0
                text14                              818      818       76         0
                text13                              B20      B20        8         0
                text12                              AF8      AF8        E         0
                text11                              AEA      AEA        E         0
                text10                              B18      B18        8         0
                text9                               8F0      8F0       5E         0
                text8                               AA6      AA6       1A         0
                text7                               77E      77E       9A         0
                text6                               B10      B10        8         0
                text5                               A8C      A8C       1A         0
                text4                               A1E      A1E       2A         0
                text3                               94E      94E       56         0
                text2                               9A4      9A4       46         0
                text1                               610      610      16E         0
                text0                               88E      88E       62         0
                cinit                               B06      B06        A         0

        CLASS   CONST          

        CLASS   SMALLCONST     
                smallconst                          600      600       10         0

        CLASS   MEDIUMCONST    

        CLASS   COMRAM         
                cstackCOMRAM                          1        1       2A         1

        CLASS   ABS1           

        CLASS   BIGRAM         

        CLASS   RAM            

        CLASS   BANK0          

        CLASS   BANK1          

        CLASS   BANK2          

        CLASS   BANK3          

        CLASS   BANK4          

        CLASS   BANK5          

        CLASS   SFR            

        CLASS   FARRAM         

        CLASS   CONFIG         
                config                           300000   300000        E         0

        CLASS   IDLOC          
                idloc                            200000   200000        8         0

        CLASS   EEDATA         



SEGMENTS        Name                           Load    Length   Top    Selector   Space  Class

                reset_vec                      000000  000006  000006         0       0  CODE    
                cstackCOMRAM                   000001  00002A  00002B         1       1  COMRAM  
                smallconst                     000600  000010  000610       300       0  SMALLCON
                text1                          000610  000522  000B32       308       0  CODE    
                idloc                          200000  000008  200008    200000       0  IDLOC   
                config                         300000  00000E  30000E    300000       0  CONFIG  


UNUSED ADDRESS RANGES

        Name                Unused          Largest block    Delta
        BANK0            000080-0000FF               80
        BANK1            000100-0001FF              100
        BANK2            000200-0002FF              100
        BANK3            000300-0003FF              100
        BANK4            000400-0004FF              100
        BANK5            000500-0005FF              100
        BIGRAM           00002B-0005FF              5D5
        CODE             000006-0005FF              5FA
                         000B32-007FFF             34CE
        COMRAM           00002B-00007F               55
        CONST            000006-0005FF              5FA
                         000B32-007FFF             74CE
        EEDATA           F00000-F000FF              100
        MEDIUMCONST      000B32-007FFF             74CE
        RAM              000080-0005FF              100
        SFR              000F80-000FFF               80
        SMALLCONST       000B32-007FFF              100
        STACK            000080-0005FF              580

                                  Symbol Table

?___lwdiv                                                      cstackCOMRAM 000001
?___lwmod                                                      cstackCOMRAM 000008
?_sprintf                                                      cstackCOMRAM 00000D
_LATD                                                          (abs)        000F8C
_PORTD                                                         (abs)        000F83
_TRISD                                                         (abs)        000F95
__CFG_BOR$OFF                                                  (abs)        000000
__CFG_BORV$20                                                  (abs)        000000
__CFG_DEBUG$OFF                                                (abs)        000000
__CFG_LVP$OFF                                                  (abs)        000000
__CFG_OSC$HS                                                   (abs)        000000
__CFG_OSCS$OFF                                                 (abs)        000000
__CFG_PWRT$ON                                                  (abs)        000000
__CFG_WDT$OFF                                                  (abs)        000000
__HRAM                                                         (abs)        000000
__Habs1                                                        abs1         000000
__Hbank0                                                       bank0        000000
__Hbank1                                                       bank1        000000
__Hbank2                                                       bank2        000000
__Hbank3                                                       bank3        000000
__Hbank4                                                       bank4        000000
__Hbank5                                                       bank5        000000
__Hbigbss                                                      bigbss       000000
__Hbigdata                                                     bigdata      000000
__Hbigram                                                      bigram       000000
__Hbss                                                         bss          000000
__Hcinit                                                       cinit        000000
__Hclrtext                                                     clrtext      000000
__Hcomram                                                      comram       000000
__Hconfig                                                      config       30000E
__Hconst                                                       const        000000
__HcstackCOMRAM                                                cstackCOMRAM 000000
__Hdata                                                        data         000000
__Heeprom_data                                                 eeprom_data  000000
__Hend_init                                                    end_init     000006
__Hfarbss                                                      farbss       000000
__Hfardata                                                     fardata      000000
__Hibigdata                                                    ibigdata     000000
__Hidata                                                       idata        000000
__Hidloc                                                       idloc        200008
__Hifardata                                                    ifardata     000000
__Hinit                                                        init         000002
__Hintcode                                                     intcode      000002
__Hintcode_body                                                intcode_body 000000
__Hintcodelo                                                   intcodelo    000002
__Hintentry                                                    intentry     000000
__Hintret                                                      intret       000000
__Hintsave_regs                                                intsave_regs 000000
__Hirdata                                                      irdata       000000
__Hmediumconst                                                 mediumconst  000000
__HnvFARRAM                                                    nvFARRAM     000000
__Hnvbit                                                       nvbit        000000
__Hnvrram                                                      nvrram       000000
__Hparam                                                       rparam       000000
__Hpowerup                                                     powerup      000002
__Hram                                                         ram          000000
__Hramtop                                                      ramtop       000600
__Hrbit                                                        rbit         000000
__Hrbss                                                        rbss         000000
__Hrdata                                                       rdata        000000
__Hreset_vec                                                   reset_vec    000002
__Hrparam                                                      rparam       000000
__Hsfr                                                         sfr          000000
__Hsmallconst                                                  smallconst   000610
__Hspace_0                                                     (abs)        30000E
__Hspace_1                                                     (abs)        00002B
__Hspace_2                                                     (abs)        000000
__Hstack                                                       stack        000000
__Hstruct                                                      struct       000000
__Htemp                                                        temp         000000
__Htext                                                        text         000000
__Htext0                                                       text0        000000
__Htext1                                                       text1        000000
__Htext10                                                      text10       000000
__Htext11                                                      text11       000000
__Htext12                                                      text12       000000
__Htext13                                                      text13       000000
__Htext14                                                      text14       000000
__Htext15                                                      text15       000000
__Htext16                                                      text16       000000
__Htext17                                                      text17       000000
__Htext18                                                      text18       000000
__Htext19                                                      text19       000000
__Htext2                                                       text2        000000
__Htext20                                                      text20       000000
__Htext3                                                       text3        000000
__Htext4                                                       text4        000000
__Htext5                                                       text5        000000
__Htext6                                                       text6        000000
__Htext7                                                       text7        000000
__Htext8                                                       text8        000000
__Htext9                                                       text9        000000
__LRAM                                                         (abs)        000001
__Labs1                                                        abs1         000000
__Lbank0                                                       bank0        000000
__Lbank1                                                       bank1        000000
__Lbank2                                                       bank2        000000
__Lbank3                                                       bank3        000000
__Lbank4                                                       bank4        000000
__Lbank5                                                       bank5        000000
__Lbigbss                                                      bigbss       000000
__Lbigdata                                                     bigdata      000000
__Lbigram                                                      bigram       000000
__Lbss                                                         bss          000000
__Lcinit                                                       cinit        000000
__Lclrtext                                                     clrtext      000000
__Lcomram                                                      comram       000000
__Lconfig                                                      config       300000
__Lconst                                                       const        000000
__LcstackCOMRAM                                                cstackCOMRAM 000000
__Ldata                                                        data         000000
__Leeprom_data                                                 eeprom_data  000000
__Lend_init                                                    end_init     000002
__Lfarbss                                                      farbss       000000
__Lfardata                                                     fardata      000000
__Libigdata                                                    ibigdata     000000
__Lidata                                                       idata        000000
__Lidloc                                                       idloc        200000
__Lifardata                                                    ifardata     000000
__Linit                                                        init         000002
__Lintcode                                                     intcode      000002
__Lintcode_body                                                intcode_body 000000
__Lintcodelo                                                   intcodelo    000002
__Lintentry                                                    intentry     000000
__Lintret                                                      intret       000000
__Lintsave_regs                                                intsave_regs 000000
__Lirdata                                                      irdata       000000
__Lmediumconst                                                 mediumconst  000000
__LnvFARRAM                                                    nvFARRAM     000000
__Lnvbit                                                       nvbit        000000
__Lnvrram                                                      nvrram       000000
__Lparam                                                       rparam       000000
__Lpowerup                                                     powerup      000002
__Lram                                                         ram          000000
__Lramtop                                                      ramtop       000600
__Lrbit                                                        rbit         000000
__Lrbss                                                        rbss         000000
__Lrdata                                                       rdata        000000
__Lreset_vec                                                   reset_vec    000000
__Lrparam                                                      rparam       000000
__Lsfr                                                         sfr          000000
__Lsmallconst                                                  smallconst   000600
__Lspace_0                                                     (abs)        000000
__Lspace_1                                                     (abs)        000000
__Lspace_2                                                     (abs)        000000
__Lstack                                                       stack        000000
__Lstruct                                                      struct       000000
__Ltemp                                                        temp         000000
__Ltext                                                        text         000000
__Ltext0                                                       text0        000000
__Ltext1                                                       text1        000000
__Ltext10                                                      text10       000000
__Ltext11                                                      text11       000000
__Ltext12                                                      text12       000000
__Ltext13                                                      text13       000000
__Ltext14                                                      text14       000000
__Ltext15                                                      text15       000000
__Ltext16                                                      text16       000000
__Ltext17                                                      text17       000000
__Ltext18                                                      text18       000000
__Ltext19                                                      text19       000000
__Ltext2                                                       text2        000000
__Ltext20                                                      text20       000000
__Ltext3                                                       text3        000000
__Ltext4                                                       text4        000000
__Ltext5                                                       text5        000000
__Ltext6                                                       text6        000000
__Ltext7                                                       text7        000000
__Ltext8                                                       text8        000000
__Ltext9                                                       text9        000000
__S0                                                           (abs)        30000E
__S1                                                           (abs)        00002B
__S2                                                           (abs)        000000
___inthi_sp                                                    stack        000000
___intlo_sp                                                    stack        000000
___lwdiv                                                       text3        00094E
___lwdiv@counter                                               cstackCOMRAM 000007
___lwdiv@dividend                                              cstackCOMRAM 000001
___lwdiv@divisor                                               cstackCOMRAM 000003
___lwdiv@quotient                                              cstackCOMRAM 000005
___lwmod                                                       text2        0009A4
___lwmod@counter                                               cstackCOMRAM 00000C
___lwmod@dividend                                              cstackCOMRAM 000008
___lwmod@divisor                                               cstackCOMRAM 00000A
___sp                                                          stack        000000
__accesstop                                                    (abs)        000080
__activetblptr                                                 (abs)        000002
__cntErrataNOP_/tmp/cgtAX28EJ.obj                              (abs)        000001
__cntErrataNOP_dist/default/production/lcd_kb.X.production.obj (abs)        000031
__end_of___lwdiv                                               text3        0009A4
__end_of___lwmod                                               text2        0009EA
__end_of__initialization                                       cinit        000B06
__end_of__stringdata                                           smallconst   00060E
__end_of_delay_ms                                              text20       000A70
__end_of_dpowers                                               smallconst   00060B
__end_of_lcdan_get_data                                        text14       00088E
__end_of_lcdan_init                                            text7        000818
__end_of_lcdan_print_string                                    text4        000A48
__end_of_lcdan_set_and_latch_4bits                             text17       000A1E
__end_of_lcdan_set_and_latch_8bits                             text16       000AD6
__end_of_lcdan_set_command_mode                                text13       000B28
__end_of_lcdan_set_controlpins_and_datapins_outputs            text19       000AEA
__end_of_lcdan_set_data_mode                                   text6        000B18
__end_of_lcdan_set_datapins_inputs                             text12       000B06
__end_of_lcdan_set_datapins_outputs                            text11       000AF8
__end_of_lcdan_set_read_mode                                   text10       000B20
__end_of_lcdan_set_write_mode                                  text15       000B30
__end_of_lcdan_strobe_enable                                   text18       000A8C
__end_of_lcdan_test_busy                                       text9        00094E
__end_of_lcdan_write_cmd                                       text8        000AC0
__end_of_lcdan_write_data                                      text5        000AA6
__end_of_main                                                  text0        0008F0
__end_of_sprintf                                               text1        00077E
__initialization                                               cinit        000B06
__mediumconst                                                  mediumconst  000000
__pcinit                                                       cinit        000B06
__pcstackCOMRAM                                                cstackCOMRAM 000001
__psmallconst                                                  smallconst   000600
__ptext0                                                       text0        00088E
__ptext1                                                       text1        000610
__ptext10                                                      text10       000B18
__ptext11                                                      text11       000AEA
__ptext12                                                      text12       000AF8
__ptext13                                                      text13       000B20
__ptext14                                                      text14       000818
__ptext15                                                      text15       000B28
__ptext16                                                      text16       000AC0
__ptext17                                                      text17       0009EA
__ptext18                                                      text18       000A70
__ptext19                                                      text19       000AD6
__ptext2                                                       text2        0009A4
__ptext20                                                      text20       000A48
__ptext3                                                       text3        00094E
__ptext4                                                       text4        000A1E
__ptext5                                                       text5        000A8C
__ptext6                                                       text6        000B10
__ptext7                                                       text7        00077E
__ptext8                                                       text8        000AA6
__ptext9                                                       text9        0008F0
__ramtop                                                       ramtop       000600
__size_of___lwdiv                                              (abs)        000000
__size_of___lwmod                                              (abs)        000000
__size_of_delay_ms                                             (abs)        000000
__size_of_lcdan_get_data                                       (abs)        000000
__size_of_lcdan_init                                           (abs)        000000
__size_of_lcdan_print_string                                   (abs)        000000
__size_of_lcdan_set_and_latch_4bits                            (abs)        000000
__size_of_lcdan_set_and_latch_8bits                            (abs)        000000
__size_of_lcdan_set_command_mode                               (abs)        000000
__size_of_lcdan_set_controlpins_and_datapins_outputs           (abs)        000000
__size_of_lcdan_set_data_mode                                  (abs)        000000
__size_of_lcdan_set_datapins_inputs                            (abs)        000000
__size_of_lcdan_set_datapins_outputs                           (abs)        000000
__size_of_lcdan_set_read_mode                                  (abs)        000000
__size_of_lcdan_set_write_mode                                 (abs)        000000
__size_of_lcdan_strobe_enable                                  (abs)        000000
__size_of_lcdan_test_busy                                      (abs)        000000
__size_of_lcdan_write_cmd                                      (abs)        000000
__size_of_lcdan_write_data                                     (abs)        000000
__size_of_main                                                 (abs)        000000
__size_of_sprintf                                              (abs)        000000
__smallconst                                                   smallconst   000600
__stringdata                                                   smallconst   00060B
_delay_ms                                                      text20       000A48
_dpowers                                                       smallconst   000601
_lcdan_get_data                                                text14       000818
_lcdan_init                                                    text7        00077E
_lcdan_print_string                                            text4        000A1E
_lcdan_set_and_latch_4bits                                     text17       0009EA
_lcdan_set_and_latch_8bits                                     text16       000AC0
_lcdan_set_command_mode                                        text13       000B20
_lcdan_set_controlpins_and_datapins_outputs                    text19       000AD6
_lcdan_set_data_mode                                           text6        000B10
_lcdan_set_datapins_inputs                                     text12       000AF8
_lcdan_set_datapins_outputs                                    text11       000AEA
_lcdan_set_read_mode                                           text10       000B18
_lcdan_set_write_mode                                          text15       000B28
_lcdan_strobe_enable                                           text18       000A70
_lcdan_test_busy                                               text9        0008F0
_lcdan_write_cmd                                               text8        000AA6
_lcdan_write_data                                              text5        000A8C
_main                                                          text0        00088E
_sprintf                                                       text1        000610
delay_ms@n                                                     cstackCOMRAM 000001
end_of_initialization                                          cinit        000B06
intlevel0                                                      text         000B30
intlevel1                                                      text         000B30
intlevel2                                                      text         000B30
intlevel3                                                      text         000B30
lcdan_print_string@p                                           cstackCOMRAM 00000D
lcdan_set_and_latch_4bits@data                                 cstackCOMRAM 000001
lcdan_set_and_latch_8bits@data                                 cstackCOMRAM 000002
lcdan_test_busy@busy_addr                                      cstackCOMRAM 00000A
lcdan_test_busy@i                                              cstackCOMRAM 00000B
lcdan_write_cmd@cmd                                            cstackCOMRAM 00000C
lcdan_write_data@data                                          cstackCOMRAM 00000C
main@buff                                                      cstackCOMRAM 00001F
main@n                                                         cstackCOMRAM 000029
sprintf@_val                                                   cstackCOMRAM 000019
sprintf@ap                                                     cstackCOMRAM 000015
sprintf@c                                                      cstackCOMRAM 00001E
sprintf@f                                                      cstackCOMRAM 00000F
sprintf@flag                                                   cstackCOMRAM 000017
sprintf@prec                                                   cstackCOMRAM 000018
sprintf@sp                                                     cstackCOMRAM 00000D
stackhi                                                        (abs)        0005FF
stacklo                                                        (abs)        000080
start                                                          init         000002
start_initialization                                           cinit        000B06


FUNCTION INFORMATION:

 *************** function _main *****************
 Defined at:
		line 47 in file "main.c"
 Parameters:    Size  Location     Type
		None
 Auto vars:     Size  Location     Type
  buff           10   30[COMRAM] unsigned char [10]
  n               2   40[COMRAM] unsigned int 
 Return value:  Size  Location     Type
		None               void
 Registers used:
		wreg, fsr2l, fsr2h, status,2, status,0, tblptrl, tblptrh, tblptru, prodl, prodh, cstack
 Tracked objects:
		On entry : 
		On exit  : 
		Unchanged: 
 Data sizes:     COMRAM   BANK0   BANK1   BANK2   BANK3   BANK4   BANK5
      Params:         0       0       0       0       0       0       0
      Locals:        12       0       0       0       0       0       0
      Temps:          0       0       0       0       0       0       0
      Totals:        12       0       0       0       0       0       0
Total ram usage:       12 bytes
 Hardware stack levels required when called:    5
 This function calls:
		_delay_ms
		_lcdan_init
		_lcdan_print_string
		_lcdan_write_cmd
		_sprintf
 This function is called by:
		Startup code after reset
 This function uses a non-reentrant model


 *************** function _sprintf *****************
 Defined at:
		line 492 in file "/opt/microchip/xc8/v1.33/sources/common/doprnt.c"
 Parameters:    Size  Location     Type
  sp              2   12[COMRAM] PTR unsigned char 
		 -> main@buff(10), 
  f               2   14[COMRAM] PTR const unsigned char 
		 -> STR_1(3), 
 Auto vars:     Size  Location     Type
  _val            5   24[COMRAM] struct .
  ap              2   20[COMRAM] PTR void [1]
		 -> ?_sprintf(2), 
  c               1   29[COMRAM] char 
  prec            1   23[COMRAM] char 
  flag            1   22[COMRAM] unsigned char 
 Return value:  Size  Location     Type
                  2   12[COMRAM] int 
 Registers used:
		wreg, fsr2l, fsr2h, status,2, status,0, tblptrl, tblptrh, tblptru, prodl, prodh, cstack
 Tracked objects:
		On entry : 
		On exit  : 
		Unchanged: 
 Data sizes:     COMRAM   BANK0   BANK1   BANK2   BANK3   BANK4   BANK5
      Params:         6       0       0       0       0       0       0
      Locals:        10       0       0       0       0       0       0
      Temps:          2       0       0       0       0       0       0
      Totals:        18       0       0       0       0       0       0
Total ram usage:       18 bytes
 Hardware stack levels used:    1
 Hardware stack levels required when called:    1
 This function calls:
		___lwdiv
		___lwmod
 This function is called by:
		_main
 This function uses a non-reentrant model


 *************** function ___lwmod *****************
 Defined at:
		line 8 in file "/opt/microchip/xc8/v1.33/sources/common/lwmod.c"
 Parameters:    Size  Location     Type
  dividend        2    7[COMRAM] unsigned int 
  divisor         2    9[COMRAM] unsigned int 
 Auto vars:     Size  Location     Type
  counter         1   11[COMRAM] unsigned char 
 Return value:  Size  Location     Type
                  2    7[COMRAM] unsigned int 
 Registers used:
		wreg, status,2, status,0
 Tracked objects:
		On entry : 
		On exit  : 
		Unchanged: 
 Data sizes:     COMRAM   BANK0   BANK1   BANK2   BANK3   BANK4   BANK5
      Params:         4       0       0       0       0       0       0
      Locals:         1       0       0       0       0       0       0
      Temps:          0       0       0       0       0       0       0
      Totals:         5       0       0       0       0       0       0
Total ram usage:        5 bytes
 Hardware stack levels used:    1
 This function calls:
		Nothing
 This function is called by:
		_sprintf
 This function uses a non-reentrant model


 *************** function ___lwdiv *****************
 Defined at:
		line 8 in file "/opt/microchip/xc8/v1.33/sources/common/lwdiv.c"
 Parameters:    Size  Location     Type
  dividend        2    0[COMRAM] unsigned int 
  divisor         2    2[COMRAM] unsigned int 
 Auto vars:     Size  Location     Type
  quotient        2    4[COMRAM] unsigned int 
  counter         1    6[COMRAM] unsigned char 
 Return value:  Size  Location     Type
                  2    0[COMRAM] unsigned int 
 Registers used:
		wreg, status,2, status,0
 Tracked objects:
		On entry : 
		On exit  : 
		Unchanged: 
 Data sizes:     COMRAM   BANK0   BANK1   BANK2   BANK3   BANK4   BANK5
      Params:         4       0       0       0       0       0       0
      Locals:         3       0       0       0       0       0       0
      Temps:          0       0       0       0       0       0       0
      Totals:         7       0       0       0       0       0       0
Total ram usage:        7 bytes
 Hardware stack levels used:    1
 This function calls:
		Nothing
 This function is called by:
		_sprintf
 This function uses a non-reentrant model


 *************** function _lcdan_print_string *****************
 Defined at:
		line 14 in file "lcdan/lcdan_aux.c"
 Parameters:    Size  Location     Type
  p               2   12[COMRAM] PTR const unsigned char 
		 -> main@buff(10), 
 Auto vars:     Size  Location     Type
		None
 Return value:  Size  Location     Type
		None               void
 Registers used:
		wreg, fsr2l, fsr2h, status,2, status,0, cstack
 Tracked objects:
		On entry : 
		On exit  : 
		Unchanged: 
 Data sizes:     COMRAM   BANK0   BANK1   BANK2   BANK3   BANK4   BANK5
      Params:         2       0       0       0       0       0       0
      Locals:         0       0       0       0       0       0       0
      Temps:          0       0       0       0       0       0       0
      Totals:         2       0       0       0       0       0       0
Total ram usage:        2 bytes
 Hardware stack levels used:    1
 Hardware stack levels required when called:    4
 This function calls:
		_lcdan_write_data
 This function is called by:
		_main
 This function uses a non-reentrant model


 *************** function _lcdan_write_data *****************
 Defined at:
		line 293 in file "lcdan/lcdan.c"
 Parameters:    Size  Location     Type
  data            1    wreg     unsigned char 
 Auto vars:     Size  Location     Type
  data            1   11[COMRAM] unsigned char 
 Return value:  Size  Location     Type
		None               void
 Registers used:
		wreg, status,2, status,0, cstack
 Tracked objects:
		On entry : 
		On exit  : 
		Unchanged: 
 Data sizes:     COMRAM   BANK0   BANK1   BANK2   BANK3   BANK4   BANK5
      Params:         0       0       0       0       0       0       0
      Locals:         1       0       0       0       0       0       0
      Temps:          0       0       0       0       0       0       0
      Totals:         1       0       0       0       0       0       0
Total ram usage:        1 bytes
 Hardware stack levels used:    1
 Hardware stack levels required when called:    3
 This function calls:
		_lcdan_set_and_latch_8bits
		_lcdan_set_data_mode
		_lcdan_set_write_mode
		_lcdan_test_busy
 This function is called by:
		_lcdan_print_string
 This function uses a non-reentrant model


 *************** function _lcdan_set_data_mode *****************
 Defined at:
		line 110 in file "lcdan/lcdan.c"
 Parameters:    Size  Location     Type
		None
 Auto vars:     Size  Location     Type
		None
 Return value:  Size  Location     Type
		None               void
 Registers used:
		status,2, status,0
 Tracked objects:
		On entry : 
		On exit  : 
		Unchanged: 
 Data sizes:     COMRAM   BANK0   BANK1   BANK2   BANK3   BANK4   BANK5
      Params:         0       0       0       0       0       0       0
      Locals:         0       0       0       0       0       0       0
      Temps:          0       0       0       0       0       0       0
      Totals:         0       0       0       0       0       0       0
Total ram usage:        0 bytes
 Hardware stack levels used:    1
 This function calls:
		Nothing
 This function is called by:
		_lcdan_write_data
 This function uses a non-reentrant model


 *************** function _lcdan_init *****************
 Defined at:
		line 301 in file "lcdan/lcdan.c"
 Parameters:    Size  Location     Type
		None
 Auto vars:     Size  Location     Type
		None
 Return value:  Size  Location     Type
		None               void
 Registers used:
		wreg, status,2, status,0, cstack
 Tracked objects:
		On entry : 
		On exit  : 
		Unchanged: 
 Data sizes:     COMRAM   BANK0   BANK1   BANK2   BANK3   BANK4   BANK5
      Params:         0       0       0       0       0       0       0
      Locals:         0       0       0       0       0       0       0
      Temps:          1       0       0       0       0       0       0
      Totals:         1       0       0       0       0       0       0
Total ram usage:        1 bytes
 Hardware stack levels used:    1
 Hardware stack levels required when called:    4
 This function calls:
		_lcdan_set_and_latch_4bits
		_lcdan_set_command_mode
		_lcdan_set_controlpins_and_datapins_outputs
		_lcdan_set_write_mode
		_lcdan_strobe_enable
		_lcdan_write_cmd
 This function is called by:
		_main
 This function uses a non-reentrant model


 *************** function _lcdan_write_cmd *****************
 Defined at:
		line 285 in file "lcdan/lcdan.c"
 Parameters:    Size  Location     Type
  cmd             1    wreg     unsigned char 
 Auto vars:     Size  Location     Type
  cmd             1   11[COMRAM] unsigned char 
 Return value:  Size  Location     Type
		None               void
 Registers used:
		wreg, status,2, status,0, cstack
 Tracked objects:
		On entry : 
		On exit  : 
		Unchanged: 
 Data sizes:     COMRAM   BANK0   BANK1   BANK2   BANK3   BANK4   BANK5
      Params:         0       0       0       0       0       0       0
      Locals:         1       0       0       0       0       0       0
      Temps:          0       0       0       0       0       0       0
      Totals:         1       0       0       0       0       0       0
Total ram usage:        1 bytes
 Hardware stack levels used:    1
 Hardware stack levels required when called:    3
 This function calls:
		_lcdan_set_and_latch_8bits
		_lcdan_set_command_mode
		_lcdan_set_write_mode
		_lcdan_test_busy
 This function is called by:
		_main
		_lcdan_init
 This function uses a non-reentrant model


 *************** function _lcdan_test_busy *****************
 Defined at:
		line 238 in file "lcdan/lcdan.c"
 Parameters:    Size  Location     Type
		None
 Auto vars:     Size  Location     Type
  i               1   10[COMRAM] unsigned char 
  busy_addr       1    9[COMRAM] unsigned char 
 Return value:  Size  Location     Type
                  1    wreg      unsigned char 
 Registers used:
		wreg, status,2, status,0, cstack
 Tracked objects:
		On entry : 
		On exit  : 
		Unchanged: 
 Data sizes:     COMRAM   BANK0   BANK1   BANK2   BANK3   BANK4   BANK5
      Params:         0       0       0       0       0       0       0
      Locals:         2       0       0       0       0       0       0
      Temps:          1       0       0       0       0       0       0
      Totals:         3       0       0       0       0       0       0
Total ram usage:        3 bytes
 Hardware stack levels used:    1
 Hardware stack levels required when called:    1
 This function calls:
		_lcdan_get_data
		_lcdan_set_command_mode
		_lcdan_set_datapins_inputs
		_lcdan_set_datapins_outputs
		_lcdan_set_read_mode
 This function is called by:
		_lcdan_write_cmd
		_lcdan_write_data
 This function uses a non-reentrant model


 *************** function _lcdan_set_read_mode *****************
 Defined at:
		line 130 in file "lcdan/lcdan.c"
 Parameters:    Size  Location     Type
		None
 Auto vars:     Size  Location     Type
		None
 Return value:  Size  Location     Type
		None               void
 Registers used:
		status,2, status,0
 Tracked objects:
		On entry : 
		On exit  : 
		Unchanged: 
 Data sizes:     COMRAM   BANK0   BANK1   BANK2   BANK3   BANK4   BANK5
      Params:         0       0       0       0       0       0       0
      Locals:         0       0       0       0       0       0       0
      Temps:          0       0       0       0       0       0       0
      Totals:         0       0       0       0       0       0       0
Total ram usage:        0 bytes
 Hardware stack levels used:    1
 This function calls:
		Nothing
 This function is called by:
		_lcdan_test_busy
 This function uses a non-reentrant model


 *************** function _lcdan_set_datapins_outputs *****************
 Defined at:
		line 87 in file "lcdan/lcdan.c"
 Parameters:    Size  Location     Type
		None
 Auto vars:     Size  Location     Type
		None
 Return value:  Size  Location     Type
		None               void
 Registers used:
		status,2, status,0
 Tracked objects:
		On entry : 
		On exit  : 
		Unchanged: 
 Data sizes:     COMRAM   BANK0   BANK1   BANK2   BANK3   BANK4   BANK5
      Params:         0       0       0       0       0       0       0
      Locals:         0       0       0       0       0       0       0
      Temps:          0       0       0       0       0       0       0
      Totals:         0       0       0       0       0       0       0
Total ram usage:        0 bytes
 Hardware stack levels used:    1
 This function calls:
		Nothing
 This function is called by:
		_lcdan_test_busy
 This function uses a non-reentrant model


 *************** function _lcdan_set_datapins_inputs *****************
 Defined at:
		line 75 in file "lcdan/lcdan.c"
 Parameters:    Size  Location     Type
		None
 Auto vars:     Size  Location     Type
		None
 Return value:  Size  Location     Type
		None               void
 Registers used:
		status,2, status,0
 Tracked objects:
		On entry : 
		On exit  : 
		Unchanged: 
 Data sizes:     COMRAM   BANK0   BANK1   BANK2   BANK3   BANK4   BANK5
      Params:         0       0       0       0       0       0       0
      Locals:         0       0       0       0       0       0       0
      Temps:          0       0       0       0       0       0       0
      Totals:         0       0       0       0       0       0       0
Total ram usage:        0 bytes
 Hardware stack levels used:    1
 This function calls:
		Nothing
 This function is called by:
		_lcdan_test_busy
 This function uses a non-reentrant model


 *************** function _lcdan_set_command_mode *****************
 Defined at:
		line 100 in file "lcdan/lcdan.c"
 Parameters:    Size  Location     Type
		None
 Auto vars:     Size  Location     Type
		None
 Return value:  Size  Location     Type
		None               void
 Registers used:
		status,2, status,0
 Tracked objects:
		On entry : 
		On exit  : 
		Unchanged: 
 Data sizes:     COMRAM   BANK0   BANK1   BANK2   BANK3   BANK4   BANK5
      Params:         0       0       0       0       0       0       0
      Locals:         0       0       0       0       0       0       0
      Temps:          0       0       0       0       0       0       0
      Totals:         0       0       0       0       0       0       0
Total ram usage:        0 bytes
 Hardware stack levels used:    1
 This function calls:
		Nothing
 This function is called by:
		_lcdan_test_busy
		_lcdan_write_cmd
		_lcdan_init
 This function uses a non-reentrant model


 *************** function _lcdan_get_data *****************
 Defined at:
		line 226 in file "lcdan/lcdan.c"
 Parameters:    Size  Location     Type
		None
 Auto vars:     Size  Location     Type
		None
 Return value:  Size  Location     Type
                  1    wreg      unsigned char 
 Registers used:
		wreg, status,2, status,0
 Tracked objects:
		On entry : 
		On exit  : 
		Unchanged: 
 Data sizes:     COMRAM   BANK0   BANK1   BANK2   BANK3   BANK4   BANK5
      Params:         0       0       0       0       0       0       0
      Locals:         0       0       0       0       0       0       0
      Temps:          8       0       0       0       0       0       0
      Totals:         8       0       0       0       0       0       0
Total ram usage:        8 bytes
 Hardware stack levels used:    1
 This function calls:
		Nothing
 This function is called by:
		_lcdan_test_busy
 This function uses a non-reentrant model


 *************** function _lcdan_set_write_mode *****************
 Defined at:
		line 120 in file "lcdan/lcdan.c"
 Parameters:    Size  Location     Type
		None
 Auto vars:     Size  Location     Type
		None
 Return value:  Size  Location     Type
		None               void
 Registers used:
		status,2, status,0
 Tracked objects:
		On entry : 
		On exit  : 
		Unchanged: 
 Data sizes:     COMRAM   BANK0   BANK1   BANK2   BANK3   BANK4   BANK5
      Params:         0       0       0       0       0       0       0
      Locals:         0       0       0       0       0       0       0
      Temps:          0       0       0       0       0       0       0
      Totals:         0       0       0       0       0       0       0
Total ram usage:        0 bytes
 Hardware stack levels used:    1
 This function calls:
		Nothing
 This function is called by:
		_lcdan_write_cmd
		_lcdan_write_data
		_lcdan_init
 This function uses a non-reentrant model


 *************** function _lcdan_set_and_latch_8bits *****************
 Defined at:
		line 220 in file "lcdan/lcdan.c"
 Parameters:    Size  Location     Type
  data            1    wreg     unsigned char 
 Auto vars:     Size  Location     Type
  data            1    1[COMRAM] unsigned char 
 Return value:  Size  Location     Type
		None               void
 Registers used:
		wreg, status,2, status,0, cstack
 Tracked objects:
		On entry : 
		On exit  : 
		Unchanged: 
 Data sizes:     COMRAM   BANK0   BANK1   BANK2   BANK3   BANK4   BANK5
      Params:         0       0       0       0       0       0       0
      Locals:         1       0       0       0       0       0       0
      Temps:          0       0       0       0       0       0       0
      Totals:         1       0       0       0       0       0       0
Total ram usage:        1 bytes
 Hardware stack levels used:    1
 Hardware stack levels required when called:    2
 This function calls:
		_lcdan_set_and_latch_4bits
 This function is called by:
		_lcdan_write_cmd
		_lcdan_write_data
 This function uses a non-reentrant model


 *************** function _lcdan_set_and_latch_4bits *****************
 Defined at:
		line 190 in file "lcdan/lcdan.c"
 Parameters:    Size  Location     Type
  data            1    wreg     unsigned char 
 Auto vars:     Size  Location     Type
  data            1    0[COMRAM] unsigned char 
 Return value:  Size  Location     Type
		None               void
 Registers used:
		wreg, status,2, status,0, cstack
 Tracked objects:
		On entry : 
		On exit  : 
		Unchanged: 
 Data sizes:     COMRAM   BANK0   BANK1   BANK2   BANK3   BANK4   BANK5
      Params:         0       0       0       0       0       0       0
      Locals:         1       0       0       0       0       0       0
      Temps:          0       0       0       0       0       0       0
      Totals:         1       0       0       0       0       0       0
Total ram usage:        1 bytes
 Hardware stack levels used:    1
 Hardware stack levels required when called:    1
 This function calls:
		_lcdan_strobe_enable
 This function is called by:
		_lcdan_set_and_latch_8bits
		_lcdan_init
 This function uses a non-reentrant model


 *************** function _lcdan_strobe_enable *****************
 Defined at:
		line 172 in file "lcdan/lcdan.c"
 Parameters:    Size  Location     Type
		None
 Auto vars:     Size  Location     Type
		None
 Return value:  Size  Location     Type
		None               void
 Registers used:
		status,2, status,0
 Tracked objects:
		On entry : 
		On exit  : 
		Unchanged: 
 Data sizes:     COMRAM   BANK0   BANK1   BANK2   BANK3   BANK4   BANK5
      Params:         0       0       0       0       0       0       0
      Locals:         0       0       0       0       0       0       0
      Temps:          0       0       0       0       0       0       0
      Totals:         0       0       0       0       0       0       0
Total ram usage:        0 bytes
 Hardware stack levels used:    1
 This function calls:
		Nothing
 This function is called by:
		_lcdan_set_and_latch_4bits
		_lcdan_init
 This function uses a non-reentrant model


 *************** function _lcdan_set_controlpins_and_datapins_outputs *****************
 Defined at:
		line 60 in file "lcdan/lcdan.c"
 Parameters:    Size  Location     Type
		None
 Auto vars:     Size  Location     Type
		None
 Return value:  Size  Location     Type
		None               void
 Registers used:
		status,2, status,0
 Tracked objects:
		On entry : 
		On exit  : 
		Unchanged: 
 Data sizes:     COMRAM   BANK0   BANK1   BANK2   BANK3   BANK4   BANK5
      Params:         0       0       0       0       0       0       0
      Locals:         0       0       0       0       0       0       0
      Temps:          0       0       0       0       0       0       0
      Totals:         0       0       0       0       0       0       0
Total ram usage:        0 bytes
 Hardware stack levels used:    1
 This function calls:
		Nothing
 This function is called by:
		_lcdan_init
 This function uses a non-reentrant model


 *************** function _delay_ms *****************
 Defined at:
		line 26 in file "main.c"
 Parameters:    Size  Location     Type
  n               2    0[COMRAM] unsigned int 
 Auto vars:     Size  Location     Type
		None
 Return value:  Size  Location     Type
		None               void
 Registers used:
		wreg, status,2, status,0
 Tracked objects:
		On entry : 
		On exit  : 
		Unchanged: 
 Data sizes:     COMRAM   BANK0   BANK1   BANK2   BANK3   BANK4   BANK5
      Params:         2       0       0       0       0       0       0
      Locals:         0       0       0       0       0       0       0
      Temps:          1       0       0       0       0       0       0
      Totals:         3       0       0       0       0       0       0
Total ram usage:        3 bytes
 Hardware stack levels used:    1
 This function calls:
		Nothing
 This function is called by:
		_main
 This function uses a non-reentrant model



MODULE INFORMATION

Module		Function		Class		Link	Load	Size
/opt/microchip/xc8/v1.33/sources/common/lwmod.c
		___lwmod       		CODE           	09A4	0000	70

/opt/microchip/xc8/v1.33/sources/common/lwmod.c estimated size: 70

/opt/microchip/xc8/v1.33/sources/common/doprnt.c
		_sprintf       		CODE           	0610	0000	366

/opt/microchip/xc8/v1.33/sources/common/doprnt.c estimated size: 366

/opt/microchip/xc8/v1.33/sources/common/lwdiv.c
		___lwdiv       		CODE           	094E	0000	86

/opt/microchip/xc8/v1.33/sources/common/lwdiv.c estimated size: 86

lcdan/lcdan_aux.c
		_lcdan_print_st		CODE           	0A1E	0000	42

lcdan/lcdan_aux.c estimated size: 42

shared
		__stringdata   		SMALLCONST     	060B	0000	3
		_dpowers       		SMALLCONST     	0601	0000	10
		__initializatio		CODE           	0B06	0000	0

shared estimated size: 13

main.c
		_main          		CODE           	088E	0000	98
		_delay_ms      		CODE           	0A48	0000	40

main.c estimated size: 138

lcdan/lcdan.c
		_lcdan_write_cm		CODE           	0AA6	0000	26
		_lcdan_test_bus		CODE           	08F0	0000	94
		_lcdan_set_comm		CODE           	0B20	0000	8
		_lcdan_set_cont		CODE           	0AD6	0000	20
		_lcdan_set_data		CODE           	0AEA	0000	14
		_lcdan_set_writ		CODE           	0B28	0000	8
		_lcdan_set_and_		CODE           	0AC0	0000	22
		_lcdan_set_read		CODE           	0B18	0000	8
		_lcdan_set_data		CODE           	0B10	0000	8
		_lcdan_strobe_e		CODE           	0A70	0000	28
		_lcdan_write_da		CODE           	0A8C	0000	26
		_lcdan_set_data		CODE           	0AF8	0000	14
		_lcdan_set_and_		CODE           	09EA	0000	52
		_lcdan_get_data		CODE           	0818	0000	118
		_lcdan_init    		CODE           	077E	0000	154

lcdan/lcdan.c estimated size: 600

